=== RUN   TestSendFrameIsBoundedByWriteDeadline
    close_bounded_test.go:143: write blocked on flow control and failed after 1.000596354s, as expected: deadline exceeded
--- PASS: TestSendFrameIsBoundedByWriteDeadline (1.01s)
=== RUN   TestConcurrentSendFramesAreWrittenWhole
--- PASS: TestConcurrentSendFramesAreWrittenWhole (0.02s)
=== RUN   TestRecvFrame_FinalChunkWithEOF
--- PASS: TestRecvFrame_FinalChunkWithEOF (0.00s)
=== RUN   TestRecvFrame_GenuineEOFBeforeCompleteFrame
--- PASS: TestRecvFrame_GenuineEOFBeforeCompleteFrame (0.00s)
=== RUN   TestADialedSessionStaysOpenUntilItsLastLeaseIsReleased
--- PASS: TestADialedSessionStaysOpenUntilItsLastLeaseIsReleased (0.01s)
=== RUN   TestASessionThatIsClosingIsNotReused
--- PASS: TestASessionThatIsClosingIsNotReused (0.03s)
=== RUN   TestAnApplicationSessionIsNeverClosedByALease
--- PASS: TestAnApplicationSessionIsNeverClosedByALease (0.02s)
=== RUN   TestReleasingALeaseTwiceReleasesItOnce
--- PASS: TestReleasingALeaseTwiceReleasesItOnce (0.07s)
=== RUN   TestConcurrentCallsOnOneSessionEachGetTheirOwnReply
--- PASS: TestConcurrentCallsOnOneSessionEachGetTheirOwnReply (0.04s)
=== RUN   TestAnEventArrivingDuringACallReachesItsSubscriber
--- PASS: TestAnEventArrivingDuringACallReachesItsSubscriber (0.01s)
=== RUN   TestServingACallWhileCallingOnTheSameSession
--- PASS: TestServingACallWhileCallingOnTheSameSession (0.08s)
=== RUN   TestTwoSubscribersWithDifferentTopicsEachGetOnlyTheirEvents
--- PASS: TestTwoSubscribersWithDifferentTopicsEachGetOnlyTheirEvents (0.12s)
=== RUN   TestAWildcardSubscriptionMatchesExactlyOneSegment
--- PASS: TestAWildcardSubscriptionMatchesExactlyOneSegment (0.11s)
=== RUN   TestAStalledEventConsumerDoesNotStallCallReplies
--- PASS: TestAStalledEventConsumerDoesNotStallCallReplies (0.04s)
=== RUN   TestAnOverflowingEventConsumerEndsWithAnOverflowErrorAndTheSessionStaysUp
--- PASS: TestAnOverflowingEventConsumerEndsWithAnOverflowErrorAndTheSessionStaysUp (0.05s)
=== RUN   TestAnOverflowingCallQueueAnswersTheExtraCallAndKeepsServing
--- PASS: TestAnOverflowingCallQueueAnswersTheExtraCallAndKeepsServing (0.13s)
=== RUN   TestAGoodbyeFromTheStationFailsPendingCallsAndEndsTheSession
--- PASS: TestAGoodbyeFromTheStationFailsPendingCallsAndEndsTheSession (0.02s)
=== RUN   TestAnOverflowedSubscriptionKeepsTheStationSubscribedUntilItIsClosed
--- PASS: TestAnOverflowedSubscriptionKeepsTheStationSubscribedUntilItIsClosed (0.02s)
=== RUN   TestAFrameThatCannotBeDecodedEndsTheSession
--- PASS: TestAFrameThatCannotBeDecodedEndsTheSession (0.09s)
=== RUN   TestACallOnASessionThatHasEndedReportsItWasNotSent
--- PASS: TestACallOnASessionThatHasEndedReportsItWasNotSent (0.24s)
=== RUN   TestACallWaitingForTheWriteLockWhenTheSessionEndsReportsItWasNotSent
--- PASS: TestACallWaitingForTheWriteLockWhenTheSessionEndsReportsItWasNotSent (0.11s)
=== RUN   TestALinkCallPublishesNoRPCFacts
--- PASS: TestALinkCallPublishesNoRPCFacts (0.05s)
=== RUN   TestAnUnroutedFrameIsCountedByType
--- PASS: TestAnUnroutedFrameIsCountedByType (0.10s)
=== RUN   TestAHelloAfterTheHandshakeEndsTheSession
--- PASS: TestAHelloAfterTheHandshakeEndsTheSession (0.01s)
=== RUN   TestClosingTheLastSubscriptionForATopicUnsubscribes
--- PASS: TestClosingTheLastSubscriptionForATopicUnsubscribes (0.03s)
=== RUN   TestACallThatCannotGetTheWriteLockInTimeTimesOutAndTheSessionStaysUp
--- PASS: TestACallThatCannotGetTheWriteLockInTimeTimesOutAndTheSessionStaysUp (0.11s)
=== RUN   TestAWriteStalledPastTheSendTimeoutEndsTheSession
--- PASS: TestAWriteStalledPastTheSendTimeoutEndsTheSession (0.19s)
=== RUN   TestTheReaderKeepsDeliveringWhileAWriteIsStalled
--- PASS: TestTheReaderKeepsDeliveringWhileAWriteIsStalled (0.18s)
=== RUN   TestACallTimingOutWhileItsFrameIsBeingWrittenReportsItMayHaveBeenSent
--- PASS: TestACallTimingOutWhileItsFrameIsBeingWrittenReportsItMayHaveBeenSent (0.24s)
=== RUN   TestAnInboundCallNotSignedByItsCallerIsDropped
--- PASS: TestAnInboundCallNotSignedByItsCallerIsDropped (0.29s)
=== RUN   TestAnUnsignedInboundCallIsDropped
--- PASS: TestAnUnsignedInboundCallIsDropped (0.23s)
=== RUN   TestAQueuedCallPastItsDeadlineIsStillServed
--- PASS: TestAQueuedCallPastItsDeadlineIsStillServed (0.28s)
=== RUN   TestASessionIsFoundByItsIdentityAndStation
--- PASS: TestASessionIsFoundByItsIdentityAndStation (0.12s)
=== RUN   TestTheNewestSessionPerIdentityAndStationWins
--- PASS: TestTheNewestSessionPerIdentityAndStationWins (0.05s)
=== RUN   TestClosingAnOlderSessionLeavesTheNewerOneRegistered
--- PASS: TestClosingAnOlderSessionLeavesTheNewerOneRegistered (0.31s)
=== RUN   TestAClosedSessionIsNoLongerFound
--- PASS: TestAClosedSessionIsNoLongerFound (0.00s)
=== RUN   TestASessionWhoseConnectionEndsIsNoLongerFoundForReuse
--- PASS: TestASessionWhoseConnectionEndsIsNoLongerFoundForReuse (0.11s)
=== RUN   TestReplyToFrameAnswersACallSignedByItsCaller
--- PASS: TestReplyToFrameAnswersACallSignedByItsCaller (0.14s)
=== RUN   TestReplyToFrameIgnoresACallNotSignedByItsCaller
--- PASS: TestReplyToFrameIgnoresACallNotSignedByItsCaller (0.12s)
=== RUN   TestReplyToFrameIgnoresAnUnsignedCall
--- PASS: TestReplyToFrameIgnoresAnUnsignedCall (0.14s)
=== RUN   TestBuildCallReplyOpenPolicyInvokesHandlerWithoutToken
--- PASS: TestBuildCallReplyOpenPolicyInvokesHandlerWithoutToken (0.09s)
=== RUN   TestBuildCallReplyGatedPolicyRejectsMissingTokenWithoutInvokingHandler
--- PASS: TestBuildCallReplyGatedPolicyRejectsMissingTokenWithoutInvokingHandler (0.11s)
=== RUN   TestBuildCallReplyGatedPolicyRejectsInvalidTokenWithoutInvokingHandler
--- PASS: TestBuildCallReplyGatedPolicyRejectsInvalidTokenWithoutInvokingHandler (0.42s)
=== RUN   TestBuildCallReplyGatedPolicyAcceptsValidTokenAndInvokesHandler
--- PASS: TestBuildCallReplyGatedPolicyAcceptsValidTokenAndInvokesHandler (0.05s)
=== RUN   TestServeOneCallStillOpenByDefault
--- PASS: TestServeOneCallStillOpenByDefault (0.00s)
=== RUN   TestBuildCallReplyGatedPolicyRefusesATokenPresentedByAnotherCaller
--- PASS: TestBuildCallReplyGatedPolicyRefusesATokenPresentedByAnotherCaller (0.26s)
=== RUN   TestBuildCallReplyGatedPolicyAcceptsATokenFromItsAudience
--- PASS: TestBuildCallReplyGatedPolicyAcceptsATokenFromItsAudience (0.13s)
=== RUN   TestBuildCallReplyGatedPolicyRefusesATokenWithoutAudience
--- PASS: TestBuildCallReplyGatedPolicyRefusesATokenWithoutAudience (0.28s)
=== RUN   TestBuildCallReplyGatedPolicyRefusesACallWithoutCaller
--- PASS: TestBuildCallReplyGatedPolicyRefusesACallWithoutCaller (0.05s)
PASS
ok  	github.com/macula-io/macula-go/connection	7.304s
