=== RUN   TestASessionIsFoundByItsIdentityAndStation
--- PASS: TestASessionIsFoundByItsIdentityAndStation (0.03s)
=== RUN   TestTheNewestSessionPerIdentityAndStationWins
--- PASS: TestTheNewestSessionPerIdentityAndStationWins (0.00s)
=== RUN   TestClosingAnOlderSessionLeavesTheNewerOneRegistered
--- PASS: TestClosingAnOlderSessionLeavesTheNewerOneRegistered (0.15s)
=== RUN   TestAClosedSessionIsNoLongerFound
--- PASS: TestAClosedSessionIsNoLongerFound (0.07s)
=== RUN   TestASessionWhoseConnectionEndsIsNoLongerFoundForReuse
--- PASS: TestASessionWhoseConnectionEndsIsNoLongerFoundForReuse (0.13s)
=== RUN   TestASessionIsFoundByItsIdentityAndStation
--- PASS: TestASessionIsFoundByItsIdentityAndStation (0.10s)
=== RUN   TestTheNewestSessionPerIdentityAndStationWins
--- PASS: TestTheNewestSessionPerIdentityAndStationWins (0.01s)
=== RUN   TestClosingAnOlderSessionLeavesTheNewerOneRegistered
--- PASS: TestClosingAnOlderSessionLeavesTheNewerOneRegistered (0.13s)
=== RUN   TestAClosedSessionIsNoLongerFound
--- PASS: TestAClosedSessionIsNoLongerFound (0.38s)
=== RUN   TestASessionWhoseConnectionEndsIsNoLongerFoundForReuse
--- PASS: TestASessionWhoseConnectionEndsIsNoLongerFoundForReuse (0.13s)
=== RUN   TestASessionIsFoundByItsIdentityAndStation
--- PASS: TestASessionIsFoundByItsIdentityAndStation (0.17s)
=== RUN   TestTheNewestSessionPerIdentityAndStationWins
--- PASS: TestTheNewestSessionPerIdentityAndStationWins (0.10s)
=== RUN   TestClosingAnOlderSessionLeavesTheNewerOneRegistered
--- PASS: TestClosingAnOlderSessionLeavesTheNewerOneRegistered (0.02s)
=== RUN   TestAClosedSessionIsNoLongerFound
--- PASS: TestAClosedSessionIsNoLongerFound (0.13s)
=== RUN   TestASessionWhoseConnectionEndsIsNoLongerFoundForReuse
--- PASS: TestASessionWhoseConnectionEndsIsNoLongerFoundForReuse (0.01s)
PASS
ok  	github.com/macula-io/macula-go/connection	2.573s
